// Jest Snapshot v1, https://goo.gl/fbAQLP

exports[`FormLabel should be support position 1`] = `
<div
  class="FBox-root FBox-system FBox-system-0"
>
  <label
    class="FBox-root FBox-system FBox-system-2 FTypography-root FTypography-variants FTypography-variants-0 FFormLabel-root FFormLabel-positionTop"
    data-testid="top"
  >
    Hello World
    <input
      style="margin-top: 8px;"
      type="text"
    />
  </label>
  <label
    class="FBox-root FBox-system FBox-system-4 FTypography-root FTypography-variants FTypography-variants-1 FFormLabel-root FFormLabel-positionBottom"
    data-testid="bottom"
  >
    Hello World
    <input
      style="margin-bottom: 8px;"
      type="text"
    />
  </label>
  <label
    class="FBox-root FBox-system FBox-system-6 FTypography-root FTypography-variants FTypography-variants-2 FFormLabel-root FFormLabel-positionLeft"
    data-testid="left"
  >
    Hello World
    <input
      style="margin-left: 8px;"
      type="text"
    />
  </label>
  <label
    class="FBox-root FBox-system FBox-system-8 FTypography-root FTypography-variants FTypography-variants-3 FFormLabel-root FFormLabel-positionRight"
    data-testid="right"
  >
    Hello World
    <input
      style="margin-right: 8px;"
      type="text"
    />
  </label>
</div>
`;

exports[`FormLabel should render children 1`] = `
".FBox-root {
  -webkit-overflow-scrolling: touch;
}
@media screen and (min-width: 600px) {
  .FBox-root {  }
  .FBox-root::-webkit-scrollbar {
    width: 8px;
    background: transparent;
  }
  .FBox-root::-webkit-scrollbar-thumb {
    border-radius: 8px;
    background-color: rgba(0, 0, 0, 0.2);
  }
  .FBox-root::-webkit-scrollbar-thumb:hover {
    background-color: rgba(0, 0, 0, 0.4);
  }
}
  .FBox-system {  }
  .FBox-acrylic {  }
  .FBox-system-0 {  }
  .FBox-acrylic-1 {
    overflow: hidden;
    position: relative;
  }
@supports ((backdrop-filter: blur(10px)) or (-webkit-backdrop-filter: blur(10px))) {
  .FBox-acrylic-1 {
    background: none !important;
    backdrop-filter: blur(10px);
  }
  .FBox-acrylic-1::before, .FBox-acrylic-1::after {
    top: 0;
    left: 0;
    right: 0;
    bottom: 0;
    content: '';
    position: absolute;
  }
  .FBox-acrylic-1::before {
    opacity: 0.5;
    z-index: -2;
  }
  .FBox-acrylic-1::after {
    opacity: 0.25;
    z-index: -1;
    background-image: url(data:image/png;base64,iVBORw0KGgoAAAANSUhEUgAAADIAAAAyCAMAAAAp4XiDAAAAUVBMVEWFhYWDg4N3d3dtbW17e3t1dXWBgYGHh4d5eXlzc3OLi4ubm5uVlZWPj4+NjY19fX2JiYl/f39ra2uRkZGZmZlpaWmXl5dvb29xcXGTk5NnZ2c8TV1mAAAAG3RSTlNAQEBAQEBAQEBAQEBAQEBAQEBAQEBAQEBAQEAvEOwtAAAFVklEQVR4XpWWB67c2BUFb3g557T/hRo9/WUMZHlgr4Bg8Z4qQgQJlHI4A8SzFVrapvmTF9O7dmYRFZ60YiBhJRCgh1FYhiLAmdvX0CzTOpNE77ME0Zty/nWWzchDtiqrmQDeuv3powQ5ta2eN0FY0InkqDD73lT9c9lEzwUNqgFHs9VQce3TVClFCQrSTfOiYkVJQBmpbq2L6iZavPnAPcoU0dSw0SUTqz/GtrGuXfbyyBniKykOWQWGqwwMA7QiYAxi+IlPdqo+hYHnUt5ZPfnsHJyNiDtnpJyayNBkF6cWoYGAMY92U2hXHF/C1M8uP/ZtYdiuj26UdAdQQSXQErwSOMzt/XWRWAz5GuSBIkwG1H3FabJ2OsUOUhGC6tK4EMtJO0ttC6IBD3kM0ve0tJwMdSfjZo+EEISaeTr9P3wYrGjXqyC1krcKdhMpxEnt5JetoulscpyzhXN5FRpuPHvbeQaKxFAEB6EN+cYN6xD7RYGpXpNndMmZgM5Dcs3YSNFDHUo2LGfZuukSWyUYirJAdYbF3MfqEKmjM+I2EfhA94iG3L7uKrR+GdWD73ydlIB+6hgref1QTlmgmbM3/LeX5GI1Ux1RWpgxpLuZ2+I+IjzZ8wqE4nilvQdkUdfhzI5QDWy+kw5Wgg2pGpeEVeCCA7b85BO3F9DzxB3cdqvBzWcmzbyMiqhzuYqtHRVG2y4x+KOlnyqla8AoWWpuBoYRxzXrfKuILl6SfiWCbjxoZJUaCBj1CjH7GIaDbc9kqBY3W/Rgjda1iqQcOJu2WW+76pZC9QG7M00dffe9hNnseupFL53r8F7YHSwJWUKP2q+k7RdsxyOB11n0xtOvnW4irMMFNV4H0uqwS5ExsmP9AxbDTc9JwgneAT5vTiUSm1E7BSflSt3bfa1tv8Di3R8n3Af7MNWzs49hmauE2wP+ttrq+AsWpFG2awvsuOqbipWHgtuvuaAE+A1Z/7gC9hesnr+7wqCwG8c5yAg3AL1fm8T9AZtp/bbJGwl1pNrE7RuOX7PeMRUERVaPpEs+yqeoSmuOlokqw49pgomjLeh7icHNlG19yjs6XXOMedYm5xH2YxpV2tc0Ro2jJfxC50ApuxGob7lMsxfTbeUv07TyYxpeLucEH1gNd4IKH2LAg5TdVhlCafZvpskfncCfx8pOhJzd76bJWeYFnFciwcYfubRc12Ip/ppIhA1/mSZ/RxjFDrJC5xifFjJpY2Xl5zXdguFqYyTR1zSp1Y9p+tktDYYSNflcxI0iyO4TPBdlRcpeqjK/piF5bklq77VSEaA+z8qmJTFzIWiitbnzR794USKBUaT0NTEsVjZqLaFVqJoPN9ODG70IPbfBHKK+/q/AWR0tJzYHRULOa4MP+W/HfGadZUbfw177G7j/OGbIs8TahLyynl4X4RinF793Oz+BU0saXtUHrVBFT/DnA3ctNPoGbs4hRIjTok8i+algT1lTHi4SxFvONKNrgQFAq2/gFnWMXgwffgYMJpiKYkmW3tTg3ZQ9Jq+f8XN+A5eeUKHWvJWJ2sgJ1Sop+wwhqFVijqWaJhwtD8MNlSBeWNNWTa5Z5kPZw5+LbVT99wqTdx29lMUH4OIG/D86ruKEauBjvH5xy6um/Sfj7ei6UUVk4AIl3MyD4MSSTOFgSwsH/QJWaQ5as7ZcmgBZkzjjU1UrQ74ci1gWBCSGHtuV1H2mhSnO3Wp/3fEV5a+4wz//6qy8JxjZsmxxy5+4w9CDNJY09T072iKG0EnOS0arEYgXqYnXcYHwjTtUNAcMelOd4xpkoqiTYICWFq0JSiPfPDQdnt+4/wuqcXY47QILbgAAAABJRU5ErkJggg==);
  }
}
@supports (not ((backdrop-filter: blur(10px)) or (-webkit-backdrop-filter: blur(10px)))) {
  .FBox-acrylic-1 {
    z-index: 1;
    background: inherit;
  }
  .FBox-acrylic-1::before {
    top: -10px;
    left: -10px;
    width: calc(100% + 20px);
    filter: blur(10px);
    height: calc(100% + 20px);
    content: '';
    z-index: -1;
    position: absolute;
    background: inherit;
  }
  .FBox-acrylic-1::after {
    top: 0;
    left: 0;
    right: 0;
    bottom: 0;
    content: '';
    opacity: 0.5;
    z-index: -1;
    position: absolute;
    background-image: url(data:image/png;base64,iVBORw0KGgoAAAANSUhEUgAAADIAAAAyCAMAAAAp4XiDAAAAUVBMVEWFhYWDg4N3d3dtbW17e3t1dXWBgYGHh4d5eXlzc3OLi4ubm5uVlZWPj4+NjY19fX2JiYl/f39ra2uRkZGZmZlpaWmXl5dvb29xcXGTk5NnZ2c8TV1mAAAAG3RSTlNAQEBAQEBAQEBAQEBAQEBAQEBAQEBAQEBAQEAvEOwtAAAFVklEQVR4XpWWB67c2BUFb3g557T/hRo9/WUMZHlgr4Bg8Z4qQgQJlHI4A8SzFVrapvmTF9O7dmYRFZ60YiBhJRCgh1FYhiLAmdvX0CzTOpNE77ME0Zty/nWWzchDtiqrmQDeuv3powQ5ta2eN0FY0InkqDD73lT9c9lEzwUNqgFHs9VQce3TVClFCQrSTfOiYkVJQBmpbq2L6iZavPnAPcoU0dSw0SUTqz/GtrGuXfbyyBniKykOWQWGqwwMA7QiYAxi+IlPdqo+hYHnUt5ZPfnsHJyNiDtnpJyayNBkF6cWoYGAMY92U2hXHF/C1M8uP/ZtYdiuj26UdAdQQSXQErwSOMzt/XWRWAz5GuSBIkwG1H3FabJ2OsUOUhGC6tK4EMtJO0ttC6IBD3kM0ve0tJwMdSfjZo+EEISaeTr9P3wYrGjXqyC1krcKdhMpxEnt5JetoulscpyzhXN5FRpuPHvbeQaKxFAEB6EN+cYN6xD7RYGpXpNndMmZgM5Dcs3YSNFDHUo2LGfZuukSWyUYirJAdYbF3MfqEKmjM+I2EfhA94iG3L7uKrR+GdWD73ydlIB+6hgref1QTlmgmbM3/LeX5GI1Ux1RWpgxpLuZ2+I+IjzZ8wqE4nilvQdkUdfhzI5QDWy+kw5Wgg2pGpeEVeCCA7b85BO3F9DzxB3cdqvBzWcmzbyMiqhzuYqtHRVG2y4x+KOlnyqla8AoWWpuBoYRxzXrfKuILl6SfiWCbjxoZJUaCBj1CjH7GIaDbc9kqBY3W/Rgjda1iqQcOJu2WW+76pZC9QG7M00dffe9hNnseupFL53r8F7YHSwJWUKP2q+k7RdsxyOB11n0xtOvnW4irMMFNV4H0uqwS5ExsmP9AxbDTc9JwgneAT5vTiUSm1E7BSflSt3bfa1tv8Di3R8n3Af7MNWzs49hmauE2wP+ttrq+AsWpFG2awvsuOqbipWHgtuvuaAE+A1Z/7gC9hesnr+7wqCwG8c5yAg3AL1fm8T9AZtp/bbJGwl1pNrE7RuOX7PeMRUERVaPpEs+yqeoSmuOlokqw49pgomjLeh7icHNlG19yjs6XXOMedYm5xH2YxpV2tc0Ro2jJfxC50ApuxGob7lMsxfTbeUv07TyYxpeLucEH1gNd4IKH2LAg5TdVhlCafZvpskfncCfx8pOhJzd76bJWeYFnFciwcYfubRc12Ip/ppIhA1/mSZ/RxjFDrJC5xifFjJpY2Xl5zXdguFqYyTR1zSp1Y9p+tktDYYSNflcxI0iyO4TPBdlRcpeqjK/piF5bklq77VSEaA+z8qmJTFzIWiitbnzR794USKBUaT0NTEsVjZqLaFVqJoPN9ODG70IPbfBHKK+/q/AWR0tJzYHRULOa4MP+W/HfGadZUbfw177G7j/OGbIs8TahLyynl4X4RinF793Oz+BU0saXtUHrVBFT/DnA3ctNPoGbs4hRIjTok8i+algT1lTHi4SxFvONKNrgQFAq2/gFnWMXgwffgYMJpiKYkmW3tTg3ZQ9Jq+f8XN+A5eeUKHWvJWJ2sgJ1Sop+wwhqFVijqWaJhwtD8MNlSBeWNNWTa5Z5kPZw5+LbVT99wqTdx29lMUH4OIG/D86ruKEauBjvH5xy6um/Sfj7ei6UUVk4AIl3MyD4MSSTOFgSwsH/QJWaQ5as7ZcmgBZkzjjU1UrQ74ci1gWBCSGHtuV1H2mhSnO3Wp/3fEV5a+4wz//6qy8JxjZsmxxy5+4w9CDNJY09T072iKG0EnOS0arEYgXqYnXcYHwjTtUNAcMelOd4xpkoqiTYICWFq0JSiPfPDQdnt+4/wuqcXY47QILbgAAAABJRU5ErkJggg==);
  }
}
  .FTypography-root {
    margin: 0;
  }
  .FTypography-variants {  }
  .FTypography-gutterTop {
    margin-top: 0.65em;
  }
  .FTypography-gutterBottom {
    margin-bottom: 0.35em;
  }
  .FTypography-noWrap {
    overflow: hidden;
    white-space: nowrap;
    text-overflow: ellipsis;
  }
  .FTypography-variants-0 {
    font-size: 0.875rem;
    font-family: Segoe UI,-apple-system,sans-serif,Roboto,Helvetica,Arial;
    font-weight: 400;
    line-height: 1.43;
  }
  .FFormLabel-root {
    display: inline-flex;
    align-items: center;
    justify-content: center;
  }
  .FFormLabel-positionTop {
    flex-direction: column;
  }
  .FFormLabel-positionBottom {
    flex-direction: column-reverse;
  }
  .FFormLabel-positionLeft {
    flex-direction: row;
  }
  .FFormLabel-positionRight {
    flex-direction: row-reverse;
  }"
`;
