// Jest Snapshot v1, https://goo.gl/fbAQLP

exports[`Navigation basic 1`] = `
.c9 {
  width: 1em;
  height: 1em;
  display: inline-block;
  -webkit-user-select: none;
  -moz-user-select: none;
  -ms-user-select: none;
  user-select: none;
  font-size: inherit;
  color: inherit;
  fill: currentColor;
}

.c5 {
  width: 1em;
  height: 1em;
  display: inline-block;
  -webkit-user-select: none;
  -moz-user-select: none;
  -ms-user-select: none;
  user-select: none;
  font-size: inherit;
  color: inherit;
  fill: currentColor;
}

.c12 {
  width: 1em;
  height: 1em;
  display: inline-block;
  -webkit-user-select: none;
  -moz-user-select: none;
  -ms-user-select: none;
  user-select: none;
  font-size: inherit;
  color: inherit;
  fill: currentColor;
}

.c1 {
  background-color: #f5f5f5;
  height: 600px;
}

.c3 {
  position: relative;
  cursor: pointer;
  -webkit-text-decoration: none;
  text-decoration: none;
  max-height: 40px;
  height: 40px;
  display: -webkit-box;
  display: -webkit-flex;
  display: -ms-flexbox;
  display: flex;
  -webkit-box-pack: center;
  -webkit-justify-content: center;
  -ms-flex-pack: center;
  justify-content: center;
  -webkit-align-items: center;
  -webkit-box-align: center;
  -ms-flex-align: center;
  align-items: center;
  padding: 12px;
  box-sizing: border-box;
  -webkit-transition: all 250ms cubic-bezier(0.4,0,0.2,1) 0ms;
  transition: all 250ms cubic-bezier(0.4,0,0.2,1) 0ms;
  color: #000000;
  background-color: transparent;
}

.c3:hover {
  background-color: rgba(0,0,0,0.1);
}

.c3:active {
  color: #000000;
  background-color: rgba(0,0,0,0.2);
}

.c8 {
  position: absolute;
  background-color: #0078d4;
  -webkit-transition: all 250ms cubic-bezier(0.4,0,0.2,1) 0ms;
  transition: all 250ms cubic-bezier(0.4,0,0.2,1) 0ms;
  width: 6px;
  height: 24px;
  left: 0;
  top: 50%;
  margin-top: -12px;
  -webkit-transform: scale3d(0,0,0);
  -ms-transform: scale3d(0,0,0);
  transform: scale3d(0,0,0);
}

.c4 {
  height: 100%;
  -webkit-transition: all 250ms cubic-bezier(0.4,0,0.2,1) 0ms;
  transition: all 250ms cubic-bezier(0.4,0,0.2,1) 0ms;
}

.c6 {
  width: auto;
  opacity: 1;
  padding-left: 0px;
  -webkit-flex: 1;
  -ms-flex: 1;
  flex: 1;
  -webkit-align-items: center;
  -webkit-box-align: center;
  -ms-flex-align: center;
  align-items: center;
  overflow: hidden;
  white-space: nowrap;
  -webkit-transition: all 250ms cubic-bezier(0.4,0,0.2,1) 0ms;
  transition: all 250ms cubic-bezier(0.4,0,0.2,1) 0ms;
}

.c10 {
  width: auto;
  opacity: 1;
  padding-left: 12px;
  -webkit-flex: 1;
  -ms-flex: 1;
  flex: 1;
  -webkit-align-items: center;
  -webkit-box-align: center;
  -ms-flex-align: center;
  align-items: center;
  overflow: hidden;
  white-space: nowrap;
  -webkit-transition: all 250ms cubic-bezier(0.4,0,0.2,1) 0ms;
  transition: all 250ms cubic-bezier(0.4,0,0.2,1) 0ms;
}

.c0 {
  display: -webkit-box;
  display: -webkit-flex;
  display: -ms-flexbox;
  display: flex;
  -webkit-flex-direction: column;
  -ms-flex-direction: column;
  flex-direction: column;
  -webkit-box-pack: justify;
  -webkit-justify-content: space-between;
  -ms-flex-pack: justify;
  justify-content: space-between;
  max-width: 260px;
  -webkit-transition: all 250ms cubic-bezier(0.4,0,0.2,1) 0ms;
  transition: all 250ms cubic-bezier(0.4,0,0.2,1) 0ms;
}

.c2 {
  display: -webkit-box;
  display: -webkit-flex;
  display: -ms-flexbox;
  display: flex;
  -webkit-flex-direction: column;
  -ms-flex-direction: column;
  flex-direction: column;
}

.c11 {
  display: -webkit-box;
  display: -webkit-flex;
  display: -ms-flexbox;
  display: flex;
  -webkit-flex-direction: column;
  -ms-flex-direction: column;
  flex-direction: column;
}

.c7 {
  -webkit-flex: 1;
  -ms-flex: 1;
  flex: 1;
  display: -webkit-box;
  display: -webkit-flex;
  display: -ms-flexbox;
  display: flex;
  -webkit-flex-direction: column;
  -ms-flex-direction: column;
  flex-direction: column;
}

<div
  className="c0 c1"
  height={600}
>
  <div
    className="c2"
  >
    <div
      className=""
    >
      <div
        className="c3"
        onClick={[Function]}
      >
        <div
          className="c4"
        >
          <svg
            className="c5"
            style={
              Object {
                "height": 16,
                "width": 16,
              }
            }
            viewBox="0 0 2048 2048"
          >
            <path
              d="M2048 640H0V512h2048v128zm0 1024H0v-128h2048v128zm0-513H0v-127h2048v127z"
            />
          </svg>
        </div>
        <div
          className="c6"
        />
      </div>
    </div>
  </div>
  <div
    className="c7"
  >
    <div
      className="c3"
      onClick={[Function]}
    >
      <div
        className="c8"
      />
      <div
        className="c4"
      >
        <svg
          className="c9"
          style={
            Object {
              "height": 16,
              "width": 16,
            }
          }
          viewBox="0 0 2048 2048"
        >
          <path
            d="M1664 1408q53 0 99.5 20t81.5 55 55 81.5 20 99.5-20 99.5-55 81.5-81.5 55-99.5 20-99.5-20-81.5-55-55-81.5-20-99.5q0-71 35-130l-289-289q-59 35-130 35t-130-35l-289 289q35 59 35 130 0 53-20 99.5t-55 81.5-81.5 55-99.5 20-99.5-20-81.5-55-55-81.5-20-99.5 20-99.5 55-81.5 81.5-55 99.5-20q71 0 130 35l289-289q-35-59-35-130t35-130L514 605q-59 35-130 35-53 0-99.5-20T203 565t-55-81.5-20-99.5 20-99.5 55-81.5 81.5-55 99.5-20 99.5 20 81.5 55 55 81.5 20 99.5q0 71-35 130l289 289q59-35 130-35t130 35l289-289q-35-59-35-130 0-53 20-99.5t55-81.5 81.5-55 99.5-20 99.5 20 81.5 55 55 81.5 20 99.5-20 99.5-55 81.5-81.5 55-99.5 20q-71 0-130-35l-289 289q35 59 35 130t-35 130l289 289q59-35 130-35zm0-1152q-27 0-50 10t-40.5 27.5T1546 334t-10 50 10 50 27.5 40.5T1614 502t50 10 50-10 40.5-27.5T1782 434t10-50-10-50-27.5-40.5T1714 266t-50-10zM256 384q0 27 10 50t27.5 40.5T334 502t50 10 50-10 40.5-27.5T502 434t10-50-10-50-27.5-40.5T434 266t-50-10-50 10-40.5 27.5T266 334t-10 50zm128 1408q27 0 50-10t40.5-27.5T502 1714t10-50-10-50-27.5-40.5T434 1546t-50-10-50 10-40.5 27.5T266 1614t-10 50 10 50 27.5 40.5T334 1782t50 10zm640-640q27 0 50-10t40.5-27.5 27.5-40.5 10-50-10-50-27.5-40.5T1074 906t-50-10-50 10-40.5 27.5T906 974t-10 50 10 50 27.5 40.5T974 1142t50 10zm640 640q27 0 50-10t40.5-27.5 27.5-40.5 10-50-10-50-27.5-40.5-40.5-27.5-50-10-50 10-40.5 27.5-27.5 40.5-10 50 10 50 27.5 40.5 40.5 27.5 50 10z"
          />
        </svg>
      </div>
      <div
        className="c10"
      >
        <span
          style={
            Object {
              "fontSize": 14,
            }
          }
        >
          Option 1
        </span>
      </div>
    </div>
    <div
      className="c3"
      onClick={[Function]}
    >
      <div
        className="c8"
      />
      <div
        className="c4"
      >
        <svg
          className="c9"
          style={
            Object {
              "height": 16,
              "width": 16,
            }
          }
          viewBox="0 0 2048 2048"
        >
          <path
            d="M1664 1408q53 0 99.5 20t81.5 55 55 81.5 20 99.5-20 99.5-55 81.5-81.5 55-99.5 20-99.5-20-81.5-55-55-81.5-20-99.5q0-71 35-130l-289-289q-59 35-130 35t-130-35l-289 289q35 59 35 130 0 53-20 99.5t-55 81.5-81.5 55-99.5 20-99.5-20-81.5-55-55-81.5-20-99.5 20-99.5 55-81.5 81.5-55 99.5-20q71 0 130 35l289-289q-35-59-35-130t35-130L514 605q-59 35-130 35-53 0-99.5-20T203 565t-55-81.5-20-99.5 20-99.5 55-81.5 81.5-55 99.5-20 99.5 20 81.5 55 55 81.5 20 99.5q0 71-35 130l289 289q59-35 130-35t130 35l289-289q-35-59-35-130 0-53 20-99.5t55-81.5 81.5-55 99.5-20 99.5 20 81.5 55 55 81.5 20 99.5-20 99.5-55 81.5-81.5 55-99.5 20q-71 0-130-35l-289 289q35 59 35 130t-35 130l289 289q59-35 130-35zm0-1152q-27 0-50 10t-40.5 27.5T1546 334t-10 50 10 50 27.5 40.5T1614 502t50 10 50-10 40.5-27.5T1782 434t10-50-10-50-27.5-40.5T1714 266t-50-10zM256 384q0 27 10 50t27.5 40.5T334 502t50 10 50-10 40.5-27.5T502 434t10-50-10-50-27.5-40.5T434 266t-50-10-50 10-40.5 27.5T266 334t-10 50zm128 1408q27 0 50-10t40.5-27.5T502 1714t10-50-10-50-27.5-40.5T434 1546t-50-10-50 10-40.5 27.5T266 1614t-10 50 10 50 27.5 40.5T334 1782t50 10zm640-640q27 0 50-10t40.5-27.5 27.5-40.5 10-50-10-50-27.5-40.5T1074 906t-50-10-50 10-40.5 27.5T906 974t-10 50 10 50 27.5 40.5T974 1142t50 10zm640 640q27 0 50-10t40.5-27.5 27.5-40.5 10-50-10-50-27.5-40.5-40.5-27.5-50-10-50 10-40.5 27.5-27.5 40.5-10 50 10 50 27.5 40.5 40.5 27.5 50 10z"
          />
        </svg>
      </div>
      <div
        className="c10"
      >
        <span
          style={
            Object {
              "fontSize": 14,
            }
          }
        >
          Option 2
        </span>
      </div>
    </div>
    <div
      className="c3"
      onClick={[Function]}
    >
      <div
        className="c8"
      />
      <div
        className="c4"
      >
        <svg
          className="c9"
          style={
            Object {
              "height": 16,
              "width": 16,
            }
          }
          viewBox="0 0 2048 2048"
        >
          <path
            d="M1664 1408q53 0 99.5 20t81.5 55 55 81.5 20 99.5-20 99.5-55 81.5-81.5 55-99.5 20-99.5-20-81.5-55-55-81.5-20-99.5q0-71 35-130l-289-289q-59 35-130 35t-130-35l-289 289q35 59 35 130 0 53-20 99.5t-55 81.5-81.5 55-99.5 20-99.5-20-81.5-55-55-81.5-20-99.5 20-99.5 55-81.5 81.5-55 99.5-20q71 0 130 35l289-289q-35-59-35-130t35-130L514 605q-59 35-130 35-53 0-99.5-20T203 565t-55-81.5-20-99.5 20-99.5 55-81.5 81.5-55 99.5-20 99.5 20 81.5 55 55 81.5 20 99.5q0 71-35 130l289 289q59-35 130-35t130 35l289-289q-35-59-35-130 0-53 20-99.5t55-81.5 81.5-55 99.5-20 99.5 20 81.5 55 55 81.5 20 99.5-20 99.5-55 81.5-81.5 55-99.5 20q-71 0-130-35l-289 289q35 59 35 130t-35 130l289 289q59-35 130-35zm0-1152q-27 0-50 10t-40.5 27.5T1546 334t-10 50 10 50 27.5 40.5T1614 502t50 10 50-10 40.5-27.5T1782 434t10-50-10-50-27.5-40.5T1714 266t-50-10zM256 384q0 27 10 50t27.5 40.5T334 502t50 10 50-10 40.5-27.5T502 434t10-50-10-50-27.5-40.5T434 266t-50-10-50 10-40.5 27.5T266 334t-10 50zm128 1408q27 0 50-10t40.5-27.5T502 1714t10-50-10-50-27.5-40.5T434 1546t-50-10-50 10-40.5 27.5T266 1614t-10 50 10 50 27.5 40.5T334 1782t50 10zm640-640q27 0 50-10t40.5-27.5 27.5-40.5 10-50-10-50-27.5-40.5T1074 906t-50-10-50 10-40.5 27.5T906 974t-10 50 10 50 27.5 40.5T974 1142t50 10zm640 640q27 0 50-10t40.5-27.5 27.5-40.5 10-50-10-50-27.5-40.5-40.5-27.5-50-10-50 10-40.5 27.5-27.5 40.5-10 50 10 50 27.5 40.5 40.5 27.5 50 10z"
          />
        </svg>
      </div>
      <div
        className="c10"
      >
        <span
          style={
            Object {
              "fontSize": 14,
            }
          }
        >
          Option 3
        </span>
      </div>
    </div>
    <div
      className="c3"
      onClick={[Function]}
    >
      <div
        className="c8"
      />
      <div
        className="c4"
      >
        <svg
          className="c9"
          style={
            Object {
              "height": 16,
              "width": 16,
            }
          }
          viewBox="0 0 2048 2048"
        >
          <path
            d="M1664 1408q53 0 99.5 20t81.5 55 55 81.5 20 99.5-20 99.5-55 81.5-81.5 55-99.5 20-99.5-20-81.5-55-55-81.5-20-99.5q0-71 35-130l-289-289q-59 35-130 35t-130-35l-289 289q35 59 35 130 0 53-20 99.5t-55 81.5-81.5 55-99.5 20-99.5-20-81.5-55-55-81.5-20-99.5 20-99.5 55-81.5 81.5-55 99.5-20q71 0 130 35l289-289q-35-59-35-130t35-130L514 605q-59 35-130 35-53 0-99.5-20T203 565t-55-81.5-20-99.5 20-99.5 55-81.5 81.5-55 99.5-20 99.5 20 81.5 55 55 81.5 20 99.5q0 71-35 130l289 289q59-35 130-35t130 35l289-289q-35-59-35-130 0-53 20-99.5t55-81.5 81.5-55 99.5-20 99.5 20 81.5 55 55 81.5 20 99.5-20 99.5-55 81.5-81.5 55-99.5 20q-71 0-130-35l-289 289q35 59 35 130t-35 130l289 289q59-35 130-35zm0-1152q-27 0-50 10t-40.5 27.5T1546 334t-10 50 10 50 27.5 40.5T1614 502t50 10 50-10 40.5-27.5T1782 434t10-50-10-50-27.5-40.5T1714 266t-50-10zM256 384q0 27 10 50t27.5 40.5T334 502t50 10 50-10 40.5-27.5T502 434t10-50-10-50-27.5-40.5T434 266t-50-10-50 10-40.5 27.5T266 334t-10 50zm128 1408q27 0 50-10t40.5-27.5T502 1714t10-50-10-50-27.5-40.5T434 1546t-50-10-50 10-40.5 27.5T266 1614t-10 50 10 50 27.5 40.5T334 1782t50 10zm640-640q27 0 50-10t40.5-27.5 27.5-40.5 10-50-10-50-27.5-40.5T1074 906t-50-10-50 10-40.5 27.5T906 974t-10 50 10 50 27.5 40.5T974 1142t50 10zm640 640q27 0 50-10t40.5-27.5 27.5-40.5 10-50-10-50-27.5-40.5-40.5-27.5-50-10-50 10-40.5 27.5-27.5 40.5-10 50 10 50 27.5 40.5 40.5 27.5 50 10z"
          />
        </svg>
      </div>
      <div
        className="c10"
      >
        <span
          style={
            Object {
              "fontSize": 14,
            }
          }
        >
          Option 4
        </span>
      </div>
    </div>
  </div>
  <div
    className="c11"
  >
    <div
      className=""
    >
      <div
        className="c3"
        onClick={[Function]}
      >
        <div
          className="c4"
        >
          <svg
            className="c12"
            style={
              Object {
                "height": 16,
                "width": 16,
              }
            }
            viewBox="0 0 2048 2048"
          >
            <path
              d="M1783 988q0 9 .5 18t.5 18-.5 18-.5 18l259 161-159 383-297-68q-24 26-50 50l68 297-383 159-161-259q-9 0-18 .5t-18 .5-18-.5-18-.5l-161 259-383-159 68-297q-26-24-50-50l-297 68L6 1221l259-161q0-9-.5-18t-.5-18 .5-18 .5-18L6 827l159-383 297 68q24-26 50-50l-68-297L827 6l161 259q9 0 18-.5t18-.5 18 .5 18 .5L1221 6l383 159-68 297q26 24 50 50l297-68 159 383zm-117 130q2-24 4-47.5t2-47.5q0-23-2-47t-4-47l236-147-86-208-271 63q-31-38-63.5-70t-70.5-64l63-271-208-86-148 236q-23-2-47-4t-47-2q-24 0-47.5 2t-47.5 4L782 146l-208 86 63 271q-38 31-70 63.5T503 637l-271-63-86 208 236 148q-2 24-4 47.5t-2 47.5q0 23 2 47t4 47l-236 147 86 208 271-63q31 38 63.5 70t70.5 64l-63 271 208 86 148-236q23 2 47 4t47 2q24 0 47.5-2t47.5-4l147 236 208-86-63-271q38-31 70-63.5t64-70.5l271 63 86-208zm-642-470q78 0 146.5 29.5T1290 758t80.5 119.5T1400 1024t-29.5 146.5T1290 1290t-119.5 80.5T1024 1400t-146.5-29.5T758 1290t-80.5-119.5T648 1024t29.5-146.5T758 758t119.5-80.5T1024 648zm0 640q55 0 103-20.5t84-56.5 56.5-84 20.5-103-20.5-103-56.5-84-84-56.5-103-20.5-103 20.5-84 56.5-56.5 84-20.5 103 20.5 103 56.5 84 84 56.5 103 20.5z"
            />
          </svg>
        </div>
        <div
          className="c10"
        >
          <span
            style={
              Object {
                "fontSize": 14,
              }
            }
          >
            Settings
          </span>
        </div>
      </div>
    </div>
  </div>
</div>
`;

exports[`Navigation controlled 1`] = `
.c9 {
  width: 1em;
  height: 1em;
  display: inline-block;
  -webkit-user-select: none;
  -moz-user-select: none;
  -ms-user-select: none;
  user-select: none;
  font-size: inherit;
  color: inherit;
  fill: currentColor;
}

.c5 {
  width: 1em;
  height: 1em;
  display: inline-block;
  -webkit-user-select: none;
  -moz-user-select: none;
  -ms-user-select: none;
  user-select: none;
  font-size: inherit;
  color: inherit;
  fill: currentColor;
}

.c12 {
  width: 1em;
  height: 1em;
  display: inline-block;
  -webkit-user-select: none;
  -moz-user-select: none;
  -ms-user-select: none;
  user-select: none;
  font-size: inherit;
  color: inherit;
  fill: currentColor;
}

.c1 {
  background-color: #f5f5f5;
  height: 600px;
}

.c3 {
  position: relative;
  cursor: pointer;
  -webkit-text-decoration: none;
  text-decoration: none;
  max-height: 40px;
  height: 40px;
  display: -webkit-box;
  display: -webkit-flex;
  display: -ms-flexbox;
  display: flex;
  -webkit-box-pack: center;
  -webkit-justify-content: center;
  -ms-flex-pack: center;
  justify-content: center;
  -webkit-align-items: center;
  -webkit-box-align: center;
  -ms-flex-align: center;
  align-items: center;
  padding: 12px;
  box-sizing: border-box;
  -webkit-transition: all 250ms cubic-bezier(0.4,0,0.2,1) 0ms;
  transition: all 250ms cubic-bezier(0.4,0,0.2,1) 0ms;
  color: #000000;
  background-color: transparent;
}

.c3:hover {
  background-color: rgba(0,0,0,0.1);
}

.c3:active {
  color: #000000;
  background-color: rgba(0,0,0,0.2);
}

.c8 {
  position: absolute;
  background-color: #0078d4;
  -webkit-transition: all 250ms cubic-bezier(0.4,0,0.2,1) 0ms;
  transition: all 250ms cubic-bezier(0.4,0,0.2,1) 0ms;
  width: 6px;
  height: 24px;
  left: 0;
  top: 50%;
  margin-top: -12px;
  -webkit-transform: scale3d(0,0,0);
  -ms-transform: scale3d(0,0,0);
  transform: scale3d(0,0,0);
}

.c4 {
  height: 100%;
  -webkit-transition: all 250ms cubic-bezier(0.4,0,0.2,1) 0ms;
  transition: all 250ms cubic-bezier(0.4,0,0.2,1) 0ms;
}

.c6 {
  width: auto;
  opacity: 1;
  padding-left: 0px;
  -webkit-flex: 1;
  -ms-flex: 1;
  flex: 1;
  -webkit-align-items: center;
  -webkit-box-align: center;
  -ms-flex-align: center;
  align-items: center;
  overflow: hidden;
  white-space: nowrap;
  -webkit-transition: all 250ms cubic-bezier(0.4,0,0.2,1) 0ms;
  transition: all 250ms cubic-bezier(0.4,0,0.2,1) 0ms;
}

.c10 {
  width: auto;
  opacity: 1;
  padding-left: 12px;
  -webkit-flex: 1;
  -ms-flex: 1;
  flex: 1;
  -webkit-align-items: center;
  -webkit-box-align: center;
  -ms-flex-align: center;
  align-items: center;
  overflow: hidden;
  white-space: nowrap;
  -webkit-transition: all 250ms cubic-bezier(0.4,0,0.2,1) 0ms;
  transition: all 250ms cubic-bezier(0.4,0,0.2,1) 0ms;
}

.c0 {
  display: -webkit-box;
  display: -webkit-flex;
  display: -ms-flexbox;
  display: flex;
  -webkit-flex-direction: column;
  -ms-flex-direction: column;
  flex-direction: column;
  -webkit-box-pack: justify;
  -webkit-justify-content: space-between;
  -ms-flex-pack: justify;
  justify-content: space-between;
  max-width: 260px;
  -webkit-transition: all 250ms cubic-bezier(0.4,0,0.2,1) 0ms;
  transition: all 250ms cubic-bezier(0.4,0,0.2,1) 0ms;
}

.c2 {
  display: -webkit-box;
  display: -webkit-flex;
  display: -ms-flexbox;
  display: flex;
  -webkit-flex-direction: column;
  -ms-flex-direction: column;
  flex-direction: column;
}

.c11 {
  display: -webkit-box;
  display: -webkit-flex;
  display: -ms-flexbox;
  display: flex;
  -webkit-flex-direction: column;
  -ms-flex-direction: column;
  flex-direction: column;
}

.c7 {
  -webkit-flex: 1;
  -ms-flex: 1;
  flex: 1;
  display: -webkit-box;
  display: -webkit-flex;
  display: -ms-flexbox;
  display: flex;
  -webkit-flex-direction: column;
  -ms-flex-direction: column;
  flex-direction: column;
}

<div
  className="c0 c1"
  height={600}
>
  <div
    className="c2"
  >
    <div
      className=""
    >
      <div
        className="c3"
        onClick={[Function]}
      >
        <div
          className="c4"
        >
          <svg
            className="c5"
            style={
              Object {
                "height": 16,
                "width": 16,
              }
            }
            viewBox="0 0 2048 2048"
          >
            <path
              d="M2048 640H0V512h2048v128zm0 1024H0v-128h2048v128zm0-513H0v-127h2048v127z"
            />
          </svg>
        </div>
        <div
          className="c6"
        />
      </div>
    </div>
  </div>
  <div
    className="c7"
  >
    <div
      className="c3"
      onClick={[Function]}
    >
      <div
        className="c8"
      />
      <div
        className="c4"
      >
        <svg
          className="c9"
          style={
            Object {
              "height": 16,
              "width": 16,
            }
          }
          viewBox="0 0 2048 2048"
        >
          <path
            d="M1664 1408q53 0 99.5 20t81.5 55 55 81.5 20 99.5-20 99.5-55 81.5-81.5 55-99.5 20-99.5-20-81.5-55-55-81.5-20-99.5q0-71 35-130l-289-289q-59 35-130 35t-130-35l-289 289q35 59 35 130 0 53-20 99.5t-55 81.5-81.5 55-99.5 20-99.5-20-81.5-55-55-81.5-20-99.5 20-99.5 55-81.5 81.5-55 99.5-20q71 0 130 35l289-289q-35-59-35-130t35-130L514 605q-59 35-130 35-53 0-99.5-20T203 565t-55-81.5-20-99.5 20-99.5 55-81.5 81.5-55 99.5-20 99.5 20 81.5 55 55 81.5 20 99.5q0 71-35 130l289 289q59-35 130-35t130 35l289-289q-35-59-35-130 0-53 20-99.5t55-81.5 81.5-55 99.5-20 99.5 20 81.5 55 55 81.5 20 99.5-20 99.5-55 81.5-81.5 55-99.5 20q-71 0-130-35l-289 289q35 59 35 130t-35 130l289 289q59-35 130-35zm0-1152q-27 0-50 10t-40.5 27.5T1546 334t-10 50 10 50 27.5 40.5T1614 502t50 10 50-10 40.5-27.5T1782 434t10-50-10-50-27.5-40.5T1714 266t-50-10zM256 384q0 27 10 50t27.5 40.5T334 502t50 10 50-10 40.5-27.5T502 434t10-50-10-50-27.5-40.5T434 266t-50-10-50 10-40.5 27.5T266 334t-10 50zm128 1408q27 0 50-10t40.5-27.5T502 1714t10-50-10-50-27.5-40.5T434 1546t-50-10-50 10-40.5 27.5T266 1614t-10 50 10 50 27.5 40.5T334 1782t50 10zm640-640q27 0 50-10t40.5-27.5 27.5-40.5 10-50-10-50-27.5-40.5T1074 906t-50-10-50 10-40.5 27.5T906 974t-10 50 10 50 27.5 40.5T974 1142t50 10zm640 640q27 0 50-10t40.5-27.5 27.5-40.5 10-50-10-50-27.5-40.5-40.5-27.5-50-10-50 10-40.5 27.5-27.5 40.5-10 50 10 50 27.5 40.5 40.5 27.5 50 10z"
          />
        </svg>
      </div>
      <div
        className="c10"
      >
        <span
          style={
            Object {
              "fontSize": 14,
            }
          }
        >
          Option 1
        </span>
      </div>
    </div>
    <div
      className="c3"
      onClick={[Function]}
    >
      <div
        className="c8"
      />
      <div
        className="c4"
      >
        <svg
          className="c9"
          style={
            Object {
              "height": 16,
              "width": 16,
            }
          }
          viewBox="0 0 2048 2048"
        >
          <path
            d="M1664 1408q53 0 99.5 20t81.5 55 55 81.5 20 99.5-20 99.5-55 81.5-81.5 55-99.5 20-99.5-20-81.5-55-55-81.5-20-99.5q0-71 35-130l-289-289q-59 35-130 35t-130-35l-289 289q35 59 35 130 0 53-20 99.5t-55 81.5-81.5 55-99.5 20-99.5-20-81.5-55-55-81.5-20-99.5 20-99.5 55-81.5 81.5-55 99.5-20q71 0 130 35l289-289q-35-59-35-130t35-130L514 605q-59 35-130 35-53 0-99.5-20T203 565t-55-81.5-20-99.5 20-99.5 55-81.5 81.5-55 99.5-20 99.5 20 81.5 55 55 81.5 20 99.5q0 71-35 130l289 289q59-35 130-35t130 35l289-289q-35-59-35-130 0-53 20-99.5t55-81.5 81.5-55 99.5-20 99.5 20 81.5 55 55 81.5 20 99.5-20 99.5-55 81.5-81.5 55-99.5 20q-71 0-130-35l-289 289q35 59 35 130t-35 130l289 289q59-35 130-35zm0-1152q-27 0-50 10t-40.5 27.5T1546 334t-10 50 10 50 27.5 40.5T1614 502t50 10 50-10 40.5-27.5T1782 434t10-50-10-50-27.5-40.5T1714 266t-50-10zM256 384q0 27 10 50t27.5 40.5T334 502t50 10 50-10 40.5-27.5T502 434t10-50-10-50-27.5-40.5T434 266t-50-10-50 10-40.5 27.5T266 334t-10 50zm128 1408q27 0 50-10t40.5-27.5T502 1714t10-50-10-50-27.5-40.5T434 1546t-50-10-50 10-40.5 27.5T266 1614t-10 50 10 50 27.5 40.5T334 1782t50 10zm640-640q27 0 50-10t40.5-27.5 27.5-40.5 10-50-10-50-27.5-40.5T1074 906t-50-10-50 10-40.5 27.5T906 974t-10 50 10 50 27.5 40.5T974 1142t50 10zm640 640q27 0 50-10t40.5-27.5 27.5-40.5 10-50-10-50-27.5-40.5-40.5-27.5-50-10-50 10-40.5 27.5-27.5 40.5-10 50 10 50 27.5 40.5 40.5 27.5 50 10z"
          />
        </svg>
      </div>
      <div
        className="c10"
      >
        <span
          style={
            Object {
              "fontSize": 14,
            }
          }
        >
          Option 2
        </span>
      </div>
    </div>
    <div
      className="c3"
      onClick={[Function]}
    >
      <div
        className="c8"
      />
      <div
        className="c4"
      >
        <svg
          className="c9"
          style={
            Object {
              "height": 16,
              "width": 16,
            }
          }
          viewBox="0 0 2048 2048"
        >
          <path
            d="M1664 1408q53 0 99.5 20t81.5 55 55 81.5 20 99.5-20 99.5-55 81.5-81.5 55-99.5 20-99.5-20-81.5-55-55-81.5-20-99.5q0-71 35-130l-289-289q-59 35-130 35t-130-35l-289 289q35 59 35 130 0 53-20 99.5t-55 81.5-81.5 55-99.5 20-99.5-20-81.5-55-55-81.5-20-99.5 20-99.5 55-81.5 81.5-55 99.5-20q71 0 130 35l289-289q-35-59-35-130t35-130L514 605q-59 35-130 35-53 0-99.5-20T203 565t-55-81.5-20-99.5 20-99.5 55-81.5 81.5-55 99.5-20 99.5 20 81.5 55 55 81.5 20 99.5q0 71-35 130l289 289q59-35 130-35t130 35l289-289q-35-59-35-130 0-53 20-99.5t55-81.5 81.5-55 99.5-20 99.5 20 81.5 55 55 81.5 20 99.5-20 99.5-55 81.5-81.5 55-99.5 20q-71 0-130-35l-289 289q35 59 35 130t-35 130l289 289q59-35 130-35zm0-1152q-27 0-50 10t-40.5 27.5T1546 334t-10 50 10 50 27.5 40.5T1614 502t50 10 50-10 40.5-27.5T1782 434t10-50-10-50-27.5-40.5T1714 266t-50-10zM256 384q0 27 10 50t27.5 40.5T334 502t50 10 50-10 40.5-27.5T502 434t10-50-10-50-27.5-40.5T434 266t-50-10-50 10-40.5 27.5T266 334t-10 50zm128 1408q27 0 50-10t40.5-27.5T502 1714t10-50-10-50-27.5-40.5T434 1546t-50-10-50 10-40.5 27.5T266 1614t-10 50 10 50 27.5 40.5T334 1782t50 10zm640-640q27 0 50-10t40.5-27.5 27.5-40.5 10-50-10-50-27.5-40.5T1074 906t-50-10-50 10-40.5 27.5T906 974t-10 50 10 50 27.5 40.5T974 1142t50 10zm640 640q27 0 50-10t40.5-27.5 27.5-40.5 10-50-10-50-27.5-40.5-40.5-27.5-50-10-50 10-40.5 27.5-27.5 40.5-10 50 10 50 27.5 40.5 40.5 27.5 50 10z"
          />
        </svg>
      </div>
      <div
        className="c10"
      >
        <span
          style={
            Object {
              "fontSize": 14,
            }
          }
        >
          Option 3
        </span>
      </div>
    </div>
    <div
      className="c3"
      onClick={[Function]}
    >
      <div
        className="c8"
      />
      <div
        className="c4"
      >
        <svg
          className="c9"
          style={
            Object {
              "height": 16,
              "width": 16,
            }
          }
          viewBox="0 0 2048 2048"
        >
          <path
            d="M1664 1408q53 0 99.5 20t81.5 55 55 81.5 20 99.5-20 99.5-55 81.5-81.5 55-99.5 20-99.5-20-81.5-55-55-81.5-20-99.5q0-71 35-130l-289-289q-59 35-130 35t-130-35l-289 289q35 59 35 130 0 53-20 99.5t-55 81.5-81.5 55-99.5 20-99.5-20-81.5-55-55-81.5-20-99.5 20-99.5 55-81.5 81.5-55 99.5-20q71 0 130 35l289-289q-35-59-35-130t35-130L514 605q-59 35-130 35-53 0-99.5-20T203 565t-55-81.5-20-99.5 20-99.5 55-81.5 81.5-55 99.5-20 99.5 20 81.5 55 55 81.5 20 99.5q0 71-35 130l289 289q59-35 130-35t130 35l289-289q-35-59-35-130 0-53 20-99.5t55-81.5 81.5-55 99.5-20 99.5 20 81.5 55 55 81.5 20 99.5-20 99.5-55 81.5-81.5 55-99.5 20q-71 0-130-35l-289 289q35 59 35 130t-35 130l289 289q59-35 130-35zm0-1152q-27 0-50 10t-40.5 27.5T1546 334t-10 50 10 50 27.5 40.5T1614 502t50 10 50-10 40.5-27.5T1782 434t10-50-10-50-27.5-40.5T1714 266t-50-10zM256 384q0 27 10 50t27.5 40.5T334 502t50 10 50-10 40.5-27.5T502 434t10-50-10-50-27.5-40.5T434 266t-50-10-50 10-40.5 27.5T266 334t-10 50zm128 1408q27 0 50-10t40.5-27.5T502 1714t10-50-10-50-27.5-40.5T434 1546t-50-10-50 10-40.5 27.5T266 1614t-10 50 10 50 27.5 40.5T334 1782t50 10zm640-640q27 0 50-10t40.5-27.5 27.5-40.5 10-50-10-50-27.5-40.5T1074 906t-50-10-50 10-40.5 27.5T906 974t-10 50 10 50 27.5 40.5T974 1142t50 10zm640 640q27 0 50-10t40.5-27.5 27.5-40.5 10-50-10-50-27.5-40.5-40.5-27.5-50-10-50 10-40.5 27.5-27.5 40.5-10 50 10 50 27.5 40.5 40.5 27.5 50 10z"
          />
        </svg>
      </div>
      <div
        className="c10"
      >
        <span
          style={
            Object {
              "fontSize": 14,
            }
          }
        >
          Option 4
        </span>
      </div>
    </div>
  </div>
  <div
    className="c11"
  >
    <div
      className=""
    >
      <div
        className="c3"
        onClick={[Function]}
      >
        <div
          className="c4"
        >
          <svg
            className="c12"
            style={
              Object {
                "height": 16,
                "width": 16,
              }
            }
            viewBox="0 0 2048 2048"
          >
            <path
              d="M1783 988q0 9 .5 18t.5 18-.5 18-.5 18l259 161-159 383-297-68q-24 26-50 50l68 297-383 159-161-259q-9 0-18 .5t-18 .5-18-.5-18-.5l-161 259-383-159 68-297q-26-24-50-50l-297 68L6 1221l259-161q0-9-.5-18t-.5-18 .5-18 .5-18L6 827l159-383 297 68q24-26 50-50l-68-297L827 6l161 259q9 0 18-.5t18-.5 18 .5 18 .5L1221 6l383 159-68 297q26 24 50 50l297-68 159 383zm-117 130q2-24 4-47.5t2-47.5q0-23-2-47t-4-47l236-147-86-208-271 63q-31-38-63.5-70t-70.5-64l63-271-208-86-148 236q-23-2-47-4t-47-2q-24 0-47.5 2t-47.5 4L782 146l-208 86 63 271q-38 31-70 63.5T503 637l-271-63-86 208 236 148q-2 24-4 47.5t-2 47.5q0 23 2 47t4 47l-236 147 86 208 271-63q31 38 63.5 70t70.5 64l-63 271 208 86 148-236q23 2 47 4t47 2q24 0 47.5-2t47.5-4l147 236 208-86-63-271q38-31 70-63.5t64-70.5l271 63 86-208zm-642-470q78 0 146.5 29.5T1290 758t80.5 119.5T1400 1024t-29.5 146.5T1290 1290t-119.5 80.5T1024 1400t-146.5-29.5T758 1290t-80.5-119.5T648 1024t29.5-146.5T758 758t119.5-80.5T1024 648zm0 640q55 0 103-20.5t84-56.5 56.5-84 20.5-103-20.5-103-56.5-84-84-56.5-103-20.5-103 20.5-84 56.5-56.5 84-20.5 103 20.5 103 56.5 84 84 56.5 103 20.5z"
            />
          </svg>
        </div>
        <div
          className="c10"
        >
          <span
            style={
              Object {
                "fontSize": 14,
              }
            }
          >
            Settings
          </span>
        </div>
      </div>
    </div>
  </div>
</div>
`;
